Log: [5f71223b-d3a3-42b2-9a83-1ffa89eccaf6:2025-10-07T20:40:11.832834+0300 - INFO - Successfully accessed /]
Log: [0840d504-9adb-4333-8a35-eb58b058d89d:2025-10-07T20:40:12.851027+0300 - WARNING - Request to /favicon.ico]
Log: [f53063be-da13-46f0-9b37-3ddbd620c04e:2025-10-07T20:40:25.619422+0300 - INFO - Successfully accessed /docs/]
Log: [c6139a75-f021-41d3-b9ec-00b1a44476e7:2025-10-07T20:40:25.622762+0300 - INFO - Successfully accessed /docs]
Log: [5c442d91-900e-4142-b076-59048c900d87:2025-10-07T20:40:25.710552+0300 - INFO - Successfully accessed /openapi.json]
Log: [4499705e-e7db-4c50-b095-c5faa413c617:2025-10-07T20:40:37.850568+0300 - INFO - Successfully accessed /categories/]
Log: [efa8425a-ec00-4d23-a6ee-5f78ba3d9660:2025-10-07T20:40:58.610250+0300 - WARNING - Request to /products/1]
Log: [50d967a3-1187-4a9c-b4fe-3c18a4a42a32:2025-10-07T20:41:14.955332+0300 - WARNING - Request to /docs/df]
Log: [c5270ec8-c4f1-4ab8-9ada-fdc5468e3fd7:2025-10-07T20:59:27.631607+0300 - INFO - Successfully accessed /docs/]
Log: [c1b4f18d-57a0-425b-9a39-4ce0251eff16:2025-10-07T20:59:27.634937+0300 - INFO - Successfully accessed /docs]
Log: [86993c0d-a832-4800-bded-a007950eb389:2025-10-07T20:59:27.955808+0300 - INFO - Successfully accessed /openapi.json]
Log: [b6943ae7-ebf9-432e-bbd3-3ffae2303c62:2026-02-01T13:09:04.819741+0300 - INFO - Successfully accessed /]
Log: [00ec06e4-6b31-400c-b052-0b8b848dd62c:2026-02-01T13:09:05.000586+0300 - WARNING - Request to /favicon.ico]
Log: [0e7b5ba0-774d-4821-89eb-65af360debaf:2026-02-01T13:09:08.992428+0300 - INFO - Successfully accessed /docs/]
Log: [cf142185-7c51-44fc-aa9d-6f5f53b6199f:2026-02-01T13:09:08.997524+0300 - INFO - Successfully accessed /docs]
Log: [5b964bff-f14e-4c29-a0f2-ec3d1c96d3b7:2026-02-01T13:09:10.204152+0300 - INFO - Successfully accessed /openapi.json]
Log: [f8560c62-8d5c-499e-8dc2-76e00e420c10:2026-02-01T13:09:16.959012+0300 - ERROR - Request to /categories/ failed: 1 validation errors:
  {'type': 'list_type', 'loc': ('response',), 'msg': 'Input should be a valid list', 'input': <coroutine object get_all_db_categories at 0x000001E2767516C0>}
]
Log: [09d94f15-b850-4371-ba5a-d4c933b4b7e6:2026-02-01T13:09:58.224630+0300 - ERROR - Request to /categories/ failed: 1 validation errors:
  {'type': 'list_type', 'loc': ('response',), 'msg': 'Input should be a valid list', 'input': <coroutine object get_all_db_categories at 0x000001571BDAD990>}
]
Log: [832a8af2-1460-4977-8042-91f2be515e23:2026-02-01T13:10:58.436470+0300 - ERROR - Request to /categories/ failed: 'Depends' object has no attribute 'scalars']
Log: [08f7e048-e38d-49ef-9131-f0225824c13d:2026-02-01T13:17:26.965915+0300 - INFO - Successfully accessed /categories/]
Log: [df4cce80-ea26-4364-8c62-8dfb545b03b8:2026-02-01T13:36:51.845356+0300 - ERROR - Request to /categories/ failed: 1 validation errors:
  {'type': 'model_attributes_type', 'loc': ('response',), 'msg': 'Input should be a valid dictionary or object to extract fields from', 'input': <coroutine object create_category_db at 0x0000023263752F40>}
]
Log: [f9fe9017-79b7-4591-9c20-157268cb4e04:2026-02-01T13:37:25.991594+0300 - INFO - Successfully accessed /categories/]
Log: [35fceb32-5c19-4599-bd93-5ab415922236:2026-02-01T13:39:32.365508+0300 - INFO - Successfully accessed /categories/]
Log: [63a468b5-088b-45da-af17-b48646622ed2:2026-02-01T13:40:42.636433+0300 - INFO - Successfully accessed /categories/]
Log: [a201756f-186e-4b3f-9891-d79d7df19259:2026-02-01T13:40:50.187078+0300 - INFO - Successfully accessed /categories/]
Log: [62f97393-9361-4bc8-9a3b-19e701171773:2026-02-01T13:40:54.164693+0300 - INFO - Successfully accessed /categories/]
Log: [61de9735-f89e-442c-b294-3e91b3f08c79:2026-02-01T13:41:07.290975+0300 - INFO - Successfully accessed /docs]
Log: [f379b0fa-3c5b-4164-9209-ef97621ed6ca:2026-02-01T13:41:07.455309+0300 - INFO - Successfully accessed /openapi.json]
Log: [5af7e9f7-715a-497e-88e7-a4e679ea7b50:2026-02-01T16:19:22.737767+0300 - INFO - Successfully accessed /categories/]
Log: [d1b5ee09-52e6-4e0c-9f1c-585d0c710e45:2026-02-01T16:21:31.200410+0300 - INFO - Successfully accessed /categories/2]
Log: [99f38c34-71b3-4fa6-afaf-3b658a118ab7:2026-02-01T16:21:43.624718+0300 - INFO - Successfully accessed /categories/2]
Log: [f8dc32bc-edb2-45cd-9dac-a0ebb7f4848b:2026-02-01T16:21:50.515231+0300 - INFO - Successfully accessed /categories/2]
Log: [ed4efa7b-b2af-4ad4-9c0a-2dde4ca1f558:2026-02-01T16:22:03.772452+0300 - WARNING - Request to /categories/32]
Log: [acb5de06-88a6-4d45-b04d-3e05b85dafd3:2026-02-10T15:04:49.921334+0300 - INFO - Successfully accessed /]
Log: [32750106-19f1-4020-958c-1d373655c116:2026-02-10T15:04:50.130406+0300 - WARNING - Request to /favicon.ico]
Log: [73450912-5640-4a13-ac4d-cd59079242a1:2026-02-10T15:04:55.744310+0300 - INFO - Successfully accessed /docs/]
Log: [5ff33146-9f83-467c-a13d-90773d93e64c:2026-02-10T15:04:55.752976+0300 - INFO - Successfully accessed /docs]
Log: [08d7ca21-1983-4d8f-a32e-80826bff0da5:2026-02-10T15:04:56.189909+0300 - INFO - Successfully accessed /openapi.json]
Log: [a5f1c967-320c-407a-a42d-529d8cc813ab:2026-02-10T15:05:02.441537+0300 - INFO - Successfully accessed /categories/]
Log: [844e3c7c-5b08-4a23-b4ff-7099990a1be9:2026-02-10T15:06:11.881193+0300 - INFO - Successfully accessed /categories/]
Log: [fb120f7c-0299-458a-b67c-1278c054a71f:2026-02-10T15:09:29.448072+0300 - INFO - Successfully accessed /]
Log: [1552b2db-75e0-488a-bf65-9e296ed89cbc:2026-02-10T15:09:29.760133+0300 - INFO - Successfully accessed /]
Log: [570c9d99-4290-4a0b-b6d4-a31b85b139aa:2026-02-10T15:09:34.142171+0300 - INFO - Successfully accessed /docs/]
Log: [929677e7-eb5d-4f51-a4af-f0e9cd9b2d64:2026-02-10T15:09:34.146799+0300 - INFO - Successfully accessed /docs]
Log: [c5d48575-3536-494e-b288-ad02716355f2:2026-02-10T15:09:34.303408+0300 - INFO - Successfully accessed /openapi.json]
Log: [063b21dd-9409-426b-ae2f-e36fd657ffc3:2026-02-10T15:09:38.197339+0300 - INFO - Successfully accessed /categories/]
Log: [21c7176e-a745-4417-9d0a-e3c235f66f50:2026-02-10T15:09:54.591760+0300 - INFO - Successfully accessed /products/]
Log: [6fbfb8f7-283a-4715-a41c-903a0241b096:2026-02-10T15:13:47.398236+0300 - INFO - Successfully accessed /categories/]
Log: [b7159f43-24c0-4280-af15-2f4b87a28a5d:2026-02-10T15:14:58.530037+0300 - INFO - Successfully accessed /categories/]
Log: [b0aa065f-fde7-4926-ab58-8efe4bbe514a:2026-02-10T15:15:04.175527+0300 - INFO - Successfully accessed /docs]
Log: [1e64005f-7995-45ad-bf13-052f76d81066:2026-02-10T15:15:04.293197+0300 - INFO - Successfully accessed /openapi.json]
Log: [b8da3d16-126b-4556-8cf0-c0a97b6dc8a7:2026-02-10T15:16:27.856356+0300 - INFO - Successfully accessed /categories/]
Log: [84389c8d-ee55-4eaf-b031-0924d42150c1:2026-02-10T15:16:38.818385+0300 - INFO - Successfully accessed /docs]
Log: [e5438efc-fc06-499b-9dc2-55b4d991dea5:2026-02-10T15:16:38.952360+0300 - INFO - Successfully accessed /openapi.json]
Log: [7fb20943-44b4-4ee2-8b7b-c577d2dbc4e7:2026-02-10T15:22:32.963692+0300 - INFO - Successfully accessed /docs]
Log: [74d6b6cd-a388-4ba7-b40c-8817741fcc2d:2026-02-10T15:22:33.102118+0300 - INFO - Successfully accessed /openapi.json]
Log: [aa5a5792-d904-46ca-976c-362ddc0867fb:2026-02-10T15:22:41.004339+0300 - INFO - Successfully accessed /debug]
Log: [fffc808d-555e-4078-b8c2-b5bf11380371:2026-02-10T15:24:36.363728+0300 - INFO - Successfully accessed /debug]
Log: [0572506b-5499-4237-891f-9066e2a93569:2026-02-10T15:24:49.135753+0300 - INFO - Successfully accessed /docs]
Log: [ff208ca9-c848-4acf-a2d8-9eae338a2f2a:2026-02-10T15:24:49.252584+0300 - INFO - Successfully accessed /openapi.json]
Log: [95eaf2b3-e47f-4df0-b212-ef26a913b01e:2026-02-10T15:25:08.986816+0300 - INFO - Successfully accessed /docs]
Log: [04f3ee1e-2d6a-4adf-8dde-4ef2e9f31bb4:2026-02-10T15:25:09.060652+0300 - INFO - Successfully accessed /openapi.json]
Log: [51480f17-a75c-4193-aa1b-7dac24b8dc12:2026-02-10T15:25:47.806296+0300 - INFO - Successfully accessed /]
Log: [e1a6f057-0d5c-4501-9e16-7e043270f1f1:2026-02-10T15:25:52.375931+0300 - INFO - Successfully accessed /docs/]
Log: [41238b33-6d19-4aaf-8477-add295d4da21:2026-02-10T15:25:52.380807+0300 - INFO - Successfully accessed /docs]
Log: [e0a63719-33af-48de-8aa3-ad7394796a8b:2026-02-10T15:25:52.477406+0300 - INFO - Successfully accessed /openapi.json]
Log: [9e9f05ba-34ad-44f9-afe2-b071c496edd9:2026-02-10T15:25:59.448995+0300 - INFO - Successfully accessed /debug]
Log: [5a46a5de-e681-45f8-b9cd-865e9097fe27:2026-02-10T15:26:00.595115+0300 - INFO - Successfully accessed /debug]
Log: [10c5a25e-3c19-4ea3-b534-5517b6c9f1b9:2026-02-10T15:26:01.169886+0300 - INFO - Successfully accessed /debug]
Log: [38597e8d-5dc6-4849-9b48-64037452595f:2026-02-10T15:26:01.373142+0300 - INFO - Successfully accessed /debug]
Log: [872272fc-3b6f-4040-ba94-58f4148df3f0:2026-02-10T15:26:01.528172+0300 - INFO - Successfully accessed /debug]
Log: [441d514b-68e0-4659-a4e4-97824363c2a4:2026-02-10T15:26:01.681547+0300 - INFO - Successfully accessed /debug]
Log: [45816dd6-d917-4f6a-92bb-3999d13881ba:2026-02-10T15:27:25.752635+0300 - INFO - Successfully accessed /docs/]
Log: [7c41d6cf-0a28-47dd-94d5-645e43b5d443:2026-02-10T15:27:25.757020+0300 - INFO - Successfully accessed /docs]
Log: [92d811ae-92a3-4312-93f8-2ae8a1593765:2026-02-10T15:27:26.161828+0300 - INFO - Successfully accessed /openapi.json]
Log: [097b3186-417d-4b32-a1e9-28d85236de78:2026-02-10T15:27:31.910235+0300 - INFO - Successfully accessed /debug]
Log: [6372d2a2-53f9-4bb9-8fde-6f6f4d6c81a0:2026-02-11T14:06:13.453656+0300 - INFO - Successfully accessed /]
Log: [8af93c98-1049-4dbc-aeb7-b3fe63acd691:2026-02-11T14:06:13.609555+0300 - WARNING - Request to /favicon.ico]
Log: [d21b8b1e-01dd-4b88-9e60-79a7e30911b1:2026-02-13T19:23:18.647989+0300 - INFO - Successfully accessed /]
Log: [ef38e748-eb52-4229-9576-d9cac1d33b6d:2026-02-13T19:23:18.805134+0300 - WARNING - Request to /favicon.ico]
Log: [50292d29-1233-4ea3-b79b-273459fd015f:2026-02-13T19:23:31.020146+0300 - INFO - Successfully accessed /docs/]
Log: [6235e454-9306-47fc-b51f-31d8eb532262:2026-02-13T19:23:31.023612+0300 - INFO - Successfully accessed /docs]
Log: [a5788cfa-74de-4514-ba43-86af446f878a:2026-02-13T19:23:31.454251+0300 - INFO - Successfully accessed /openapi.json]
Log: [7f47ba47-2dbd-436f-a1a4-053419adc7b3:2026-02-13T19:23:58.249592+0300 - ERROR - Request to /categories/ failed: Multiple exceptions: [Errno 10061] Connect call failed ('::1', 6432, 0, 0), [Errno 10061] Connect call failed ('127.0.0.1', 6432)]
Log: [1f6817f0-0741-4d7e-a75c-aca1b7aff2c1:2026-02-13T19:24:09.558560+0300 - ERROR - Request to /categories/ failed: Multiple exceptions: [Errno 10061] Connect call failed ('::1', 6432, 0, 0), [Errno 10061] Connect call failed ('127.0.0.1', 6432)]
Log: [c1a7e13b-1e47-420f-9d32-160882a654cd:2026-02-13T19:27:29.963372+0300 - INFO - Successfully accessed /]
Log: [55a905eb-8f33-456b-96e6-2561cde62331:2026-02-13T19:27:35.062249+0300 - INFO - Successfully accessed /docs/]
Log: [4eecbeef-82cf-4b6a-89cd-b18143dd4e59:2026-02-13T19:27:35.078151+0300 - INFO - Successfully accessed /docs]
Log: [1d0fb151-60c4-4403-9dfa-644160bdf111:2026-02-13T19:27:35.270122+0300 - INFO - Successfully accessed /openapi.json]
Log: [9fe8471b-49c8-4302-9a2c-7bbb208d86e5:2026-02-13T19:27:46.871971+0300 - ERROR - Request to /categories/ failed: Multiple exceptions: [Errno 10061] Connect call failed ('::1', 6432, 0, 0), [Errno 10061] Connect call failed ('127.0.0.1', 6432)]
Log: [faa3ad27-c292-48ec-a985-6b826e76e508:2026-02-13T19:28:13.150249+0300 - INFO - Successfully accessed /docs]
Log: [589f5df2-2171-4aee-b40e-f7ed42a3bfb4:2026-02-13T19:28:13.225378+0300 - INFO - Successfully accessed /openapi.json]
Log: [3edc8350-0ac5-4876-af4c-7645fce63099:2026-02-13T19:28:34.693125+0300 - INFO - Successfully accessed /docs]
Log: [7ed58839-70e8-4b4a-91dd-21fbbf5943bc:2026-02-13T19:28:34.783846+0300 - INFO - Successfully accessed /openapi.json]
Log: [526ef589-0789-498e-be57-d099dd14f426:2026-02-13T19:28:41.410311+0300 - ERROR - Request to /categories/ failed: password authentication failed for user "ecommerce_user"]
Log: [ec970edc-bc6c-4255-a827-36d4f9ccda32:2026-02-13T19:34:18.239112+0300 - INFO - Successfully accessed /]
Log: [e204c3f2-da45-435d-851b-eb69406da396:2026-02-13T19:34:22.282748+0300 - INFO - Successfully accessed /docs/]
Log: [1196aec0-d72d-438e-b33c-534732dfa21e:2026-02-13T19:34:22.288324+0300 - INFO - Successfully accessed /docs]
Log: [edfeb4f9-78b8-4559-aa94-ebc9f8d8cfcf:2026-02-13T19:34:22.373713+0300 - INFO - Successfully accessed /openapi.json]
Log: [c4e56c7a-3146-4ff7-a597-4a860d32d853:2026-02-13T19:34:33.628459+0300 - INFO - Successfully accessed /categories/]
Log: [60b59114-4225-46ef-8403-8628aac58a02:2026-02-13T19:35:16.377464+0300 - INFO - Successfully accessed /reviews/]
Log: [6dafcfc6-cc41-4ba9-9ea3-41c160f8a21a:2026-02-13T19:36:08.517267+0300 - ERROR - Request to /categories/ failed: ]
Log: [1869bb46-a29e-408e-85d9-e8b640641234:2026-02-13T19:36:17.936456+0300 - INFO - Successfully accessed /categories/]
Log: [23432ae1-462f-44d2-8234-b06390d92c46:2026-02-13T19:39:24.455871+0300 - INFO - Successfully accessed /docs]
Log: [7aa4b825-36eb-4e93-87d8-3b1beb608563:2026-02-13T19:39:24.574419+0300 - INFO - Successfully accessed /openapi.json]
Log: [82b4bead-c1d3-41ab-86dc-ff2718303b1b:2026-02-13T19:39:40.116685+0300 - INFO - Successfully accessed /categories/]
Log: [4ecd8ba8-9d66-4053-a505-23960844258e:2026-02-13T19:40:20.060634+0300 - ERROR - Request to /categories/ failed: ]
Log: [4d509f4d-3b87-4068-92d5-77aff1ec47ff:2026-02-13T19:40:23.838308+0300 - ERROR - Request to /categories/ failed: ]
Log: [bfd0e60c-5a14-41ae-9bda-9a3fc3d3558f:2026-02-13T19:45:05.351279+0300 - INFO - Successfully accessed /docs]
Log: [16575e4d-480a-4be3-b79e-7c6bd1a97568:2026-02-13T19:45:05.472006+0300 - INFO - Successfully accessed /openapi.json]
Log: [472bd714-7bd0-45a4-a055-278e60d18c62:2026-02-13T19:45:55.907932+0300 - INFO - Successfully accessed /categories/]
Log: [ea5a88c9-327e-413a-9136-811fddf99596:2026-02-13T19:47:23.450064+0300 - INFO - Successfully accessed /categories/3]
Log: [a723c6cb-29df-4f02-88c3-b8781a59f87d:2026-02-13T19:47:33.196406+0300 - INFO - Successfully accessed /categories/3]
Log: [7a890e8e-b657-4fac-bf4c-1c17618e2bd0:2026-02-13T19:48:27.803257+0300 - ERROR - Request to /categories/3 failed: 'int' object has no attribute 'parent_id']
Log: [ad8b12cc-877d-4c99-93c2-293462b7beb5:2026-02-13T19:49:17.261308+0300 - ERROR - Request to /categories/3 failed: 'int' object has no attribute 'parent_id']
Log: [a3fd80df-409b-48a1-9ce6-aa420699b378:2026-02-13T19:49:59.992451+0300 - ERROR - Request to /categories/3 failed: 'int' object has no attribute 'parent_id']
Log: [a1457902-809b-4b88-8e71-28131b2f8809:2026-02-13T19:50:03.148217+0300 - ERROR - Request to /categories/2 failed: 'int' object has no attribute 'parent_id']
Log: [dba5ea0e-e484-4c16-8f42-58c87f0372db:2026-02-13T19:50:06.350332+0300 - ERROR - Request to /categories/1 failed: 'int' object has no attribute 'parent_id']
Log: [c94602e9-fea3-4730-bc1b-7ddb6bbfb452:2026-02-13T19:50:25.187564+0300 - INFO - Successfully accessed /categories/1]
Log: [d9321701-45d8-4371-8f50-d0d7692ba861:2026-02-13T19:50:30.111824+0300 - INFO - Successfully accessed /categories/1]
Log: [30e66c37-00cd-46b1-bb49-d4e29ea68511:2026-02-13T19:50:41.550611+0300 - INFO - Successfully accessed /categories/1]
Log: [6dce347e-2e01-4a33-a66d-dc835d69937b:2026-02-13T19:50:43.253892+0300 - INFO - Successfully accessed /categories/1]
Log: [983b7b87-b707-4f8b-b048-61e3a0c464c5:2026-02-13T19:50:44.676814+0300 - INFO - Successfully accessed /categories/1]
Log: [015eb843-5f95-4f1a-a7bf-90081edd6665:2026-02-13T19:50:45.109853+0300 - INFO - Successfully accessed /categories/1]
Log: [8f8faaee-c03d-4773-bc69-62ab4789e4ab:2026-02-13T19:50:45.566683+0300 - INFO - Successfully accessed /categories/1]
Log: [0f8e6861-7b34-4ce6-b0ff-83f585435e00:2026-02-13T19:50:46.033001+0300 - INFO - Successfully accessed /categories/1]
Log: [56e95792-33f6-4a78-94ef-5eee1ca060dd:2026-02-13T19:50:46.504539+0300 - INFO - Successfully accessed /categories/1]
Log: [73c650d7-5e14-4277-ab80-4abca77da374:2026-02-13T19:50:46.951098+0300 - INFO - Successfully accessed /categories/1]
Log: [fbec6d8e-7d6d-4880-a078-dcf531346165:2026-02-13T19:50:59.464849+0300 - INFO - Successfully accessed /categories/]
Log: [1dc136fb-60b6-4120-9b88-64ba6f545366:2026-02-13T19:51:04.515995+0300 - INFO - Successfully accessed /categories/1]
Log: [5210f0a3-79e6-4add-b124-de1b63317fb2:2026-02-13T19:52:14.850443+0300 - INFO - Successfully accessed /docs]
Log: [e8c7ef80-9fbd-44de-a8ee-c0e258858167:2026-02-13T19:52:14.943749+0300 - INFO - Successfully accessed /openapi.json]
Log: [3ba1cf95-5e34-4270-8797-f49df876c186:2026-02-13T19:52:16.151714+0300 - INFO - Successfully accessed /docs]
Log: [6f604d2d-2956-4cfe-a323-053347a0d600:2026-02-13T19:52:16.207319+0300 - INFO - Successfully accessed /openapi.json]
Log: [1b5575af-7028-4e9d-9774-0b15971ffdc6:2026-02-13T19:52:17.025384+0300 - INFO - Successfully accessed /docs]
Log: [472b5f08-9d54-4950-af12-8da6e5bd6dde:2026-02-13T19:52:17.074056+0300 - INFO - Successfully accessed /openapi.json]
Log: [a4f522e3-449b-4e54-854e-e5c7c70ee1d0:2026-02-13T19:52:18.109127+0300 - INFO - Successfully accessed /docs]
Log: [7b778106-7d36-49d8-b50e-cb3cb125419c:2026-02-13T19:52:18.165177+0300 - INFO - Successfully accessed /openapi.json]
Log: [6341c9fc-b3bb-4617-a5f0-64098d0d946c:2026-02-13T19:52:19.297601+0300 - INFO - Successfully accessed /docs]
Log: [e25d8b0f-3a6f-49f6-88cc-f15cac06bc3e:2026-02-13T19:52:19.352699+0300 - INFO - Successfully accessed /openapi.json]
Log: [b3cca559-fa07-40fb-b32a-0f5e6ce39616:2026-02-13T19:52:21.897206+0300 - INFO - Successfully accessed /docs]
Log: [351920f4-06e1-410a-8251-215a71d1ddc2:2026-02-13T19:52:21.949689+0300 - INFO - Successfully accessed /openapi.json]
Log: [76e5227e-87a7-488d-a730-c9ced1af6474:2026-02-13T19:52:22.888831+0300 - INFO - Successfully accessed /docs]
Log: [eb4ec269-e6fc-45a2-8b3b-04c3e1150a4e:2026-02-13T19:52:22.941000+0300 - INFO - Successfully accessed /openapi.json]
Log: [f5496b35-62bd-4bd2-92e4-82555241b785:2026-02-13T19:52:27.156489+0300 - INFO - Successfully accessed /docs]
Log: [7b38e772-efea-48ba-8db0-03ae6d1288e8:2026-02-13T19:52:27.268300+0300 - INFO - Successfully accessed /openapi.json]
Log: [a61329a1-ad35-4f7c-8819-999ddfc7d270:2026-02-13T19:52:37.102592+0300 - INFO - Successfully accessed /]
Log: [3cb75250-f0f0-4dc0-aac6-8cdfce82e649:2026-02-13T19:52:40.320447+0300 - INFO - Successfully accessed /docs/]
Log: [53f9d2a7-86ca-4b9f-bee5-d3e9151ffe81:2026-02-13T19:52:40.324476+0300 - INFO - Successfully accessed /docs]
Log: [05a39cb5-3908-48b4-9235-357a6acf5f0f:2026-02-13T19:52:40.409797+0300 - INFO - Successfully accessed /openapi.json]
Log: [9d399859-a1f7-415a-9dc2-974d89e2ab7c:2026-02-13T19:53:17.446138+0300 - INFO - Successfully accessed /docs]
Log: [e916e12c-5f74-4b88-93b1-852b08589b4a:2026-02-13T19:53:17.522991+0300 - INFO - Successfully accessed /openapi.json]
Log: [4655ac5c-0669-427c-8a1b-41a7f7703faa:2026-02-13T19:53:18.351180+0300 - INFO - Successfully accessed /docs]
Log: [a6e559e6-c746-4a45-8e2c-d3355158d491:2026-02-13T19:53:18.408907+0300 - INFO - Successfully accessed /openapi.json]
Log: [0d6fc9bc-0cd1-4adb-acee-eb1e9d218584:2026-02-13T19:53:19.046565+0300 - INFO - Successfully accessed /docs]
Log: [38c95228-ed2e-4c7b-baef-b9b66d959841:2026-02-13T19:53:19.098916+0300 - INFO - Successfully accessed /openapi.json]
Log: [279faabc-340f-47ae-a071-fafc605890df:2026-02-13T19:53:19.454388+0300 - INFO - Successfully accessed /docs]
Log: [2a2ffa04-f758-49ef-af9e-e8773e7e589c:2026-02-13T19:53:19.511188+0300 - INFO - Successfully accessed /openapi.json]
Log: [e9c3592a-7837-4ab6-b271-e0bea072800f:2026-02-13T19:53:19.745320+0300 - INFO - Successfully accessed /docs]
Log: [20d725a0-b164-4339-b259-4cd1caa838be:2026-02-13T19:53:19.794583+0300 - INFO - Successfully accessed /openapi.json]
Log: [a5e7bf9c-ab7b-41b3-b05d-08f14eec7773:2026-02-13T19:54:16.306936+0300 - INFO - Successfully accessed /docs]
Log: [08b30a86-49b5-48ba-9f02-7f132d72d98b:2026-02-13T19:54:16.372058+0300 - INFO - Successfully accessed /openapi.json]
Log: [44c8a0c8-3ed3-40b4-aba0-de59b8932ce4:2026-02-14T17:19:43.581978+0300 - INFO - Successfully accessed /docs]
Log: [ae698a2f-c9c9-45b7-b578-e6eca4873715:2026-02-14T17:19:43.982343+0300 - INFO - Successfully accessed /openapi.json]
Log: [5efa73db-6c17-428d-be90-9bbb4de7e51b:2026-02-14T17:25:23.730048+0300 - INFO - Successfully accessed /categories/]
Log: [d0b6e3f8-3f29-461b-8503-8e8c7e04a125:2026-02-14T17:31:48.802055+0300 - INFO - Successfully accessed /products/]
Log: [d06c104e-99da-48c4-afab-ba57671c6fa1:2026-02-14T17:48:09.686527+0300 - INFO - Successfully accessed /products/]
Log: [e3da8a4a-5d09-4c52-ba35-0d0317bae91f:2026-02-14T17:48:09.846629+0300 - WARNING - Request to /favicon.ico]
Log: [6ff6a3b6-70af-475d-8701-a510fddd88c6:2026-02-14T18:03:45.039620+0300 - INFO - Successfully accessed /]
Log: [faa90f89-c803-4d0c-ba7f-5107bea78121:2026-02-14T18:03:49.925795+0300 - INFO - Successfully accessed /docs/]
Log: [200946da-fe98-48b3-b5dd-d6480e8fe44a:2026-02-14T18:03:49.931174+0300 - INFO - Successfully accessed /docs]
Log: [0f343ccd-8160-4b7c-84fe-3d8a3041bf93:2026-02-14T18:03:50.165713+0300 - INFO - Successfully accessed /openapi.json]
Log: [aec7405e-0f9c-48d9-85c0-c8acea3f9aed:2026-02-14T18:03:52.717187+0300 - INFO - Successfully accessed /categories/]
Log: [9814d3dd-96dc-4e97-9c25-15fdbd4ea485:2026-02-14T18:08:17.556194+0300 - INFO - Successfully accessed /categories/]
Log: [f204676a-b4db-4617-9515-33c3e68b36d1:2026-02-17T21:04:34.722399+0300 - INFO - Successfully accessed /]
Log: [ecf55326-678b-439a-b3a8-57954d8922b7:2026-02-17T21:04:34.884494+0300 - WARNING - Request to /favicon.ico]
Log: [81c8f0c0-84e0-4889-937b-a474734f1c82:2026-02-17T21:04:40.023274+0300 - INFO - Successfully accessed /docs/]
Log: [57e171de-ea44-4c84-8259-05677fe055e6:2026-02-17T21:04:40.028238+0300 - INFO - Successfully accessed /docs]
Log: [e082afcc-926a-44a0-a323-ba997d2cba79:2026-02-17T21:04:40.157277+0300 - INFO - Successfully accessed /openapi.json]
Log: [a9e0a6c4-192b-4a9b-a3b5-b6105c235df9:2026-02-17T21:05:36.276090+0300 - ERROR - Request to /categories/ failed: [Errno 11001] getaddrinfo failed]
